<?xml version="1.0" encoding="UTF-8"?>
<testsuites name="jest tests" tests="4" failures="0" errors="0" time="1.776">
  <testsuite name="undefined" errors="0" failures="0" skipped="0" timestamp="2022-03-14T13:14:36" time="1.14" tests="4">
    <testcase classname=" Homepage visibility" name=" Homepage visibility" time="0.001">
    </testcase>
    <testcase classname=" Menu  visibility" name=" Menu  visibility" time="0">
    </testcase>
    <testcase classname=" About us visibility" name=" About us visibility" time="0.001">
    </testcase>
    <testcase classname=" Contact us visibility" name=" Contact us visibility" time="0">
    </testcase>
  </testsuite>
</testsuites>